Archive member included to satisfy reference by file (symbol)

c:/program files (x86)/atmel/studio/7.0/toolchain/avr8/avr8-gnu-toolchain/bin/../lib/gcc/avr/5.4.0/../../../../avr/lib/avr5\libm.a(divsf3.o)
                              MCAL/TIMER/Timer.o (__divsf3)
c:/program files (x86)/atmel/studio/7.0/toolchain/avr8/avr8-gnu-toolchain/bin/../lib/gcc/avr/5.4.0/../../../../avr/lib/avr5\libm.a(divsf3x.o)
                              c:/program files (x86)/atmel/studio/7.0/toolchain/avr8/avr8-gnu-toolchain/bin/../lib/gcc/avr/5.4.0/../../../../avr/lib/avr5\libm.a(divsf3.o) (__divsf3x)
c:/program files (x86)/atmel/studio/7.0/toolchain/avr8/avr8-gnu-toolchain/bin/../lib/gcc/avr/5.4.0/../../../../avr/lib/avr5\libm.a(fixunssfsi.o)
                              ECUAL/Analog_Sensors/LM35/LM35.o (__fixunssfsi)
c:/program files (x86)/atmel/studio/7.0/toolchain/avr8/avr8-gnu-toolchain/bin/../lib/gcc/avr/5.4.0/../../../../avr/lib/avr5\libm.a(floatsisf.o)
                              ECUAL/Analog_Sensors/LM35/LM35.o (__floatunsisf)
c:/program files (x86)/atmel/studio/7.0/toolchain/avr8/avr8-gnu-toolchain/bin/../lib/gcc/avr/5.4.0/../../../../avr/lib/avr5\libm.a(fp_inf.o)
                              c:/program files (x86)/atmel/studio/7.0/toolchain/avr8/avr8-gnu-toolchain/bin/../lib/gcc/avr/5.4.0/../../../../avr/lib/avr5\libm.a(divsf3x.o) (__fp_inf)
c:/program files (x86)/atmel/studio/7.0/toolchain/avr8/avr8-gnu-toolchain/bin/../lib/gcc/avr/5.4.0/../../../../avr/lib/avr5\libm.a(fp_nan.o)
                              c:/program files (x86)/atmel/studio/7.0/toolchain/avr8/avr8-gnu-toolchain/bin/../lib/gcc/avr/5.4.0/../../../../avr/lib/avr5\libm.a(divsf3x.o) (__fp_nan)
c:/program files (x86)/atmel/studio/7.0/toolchain/avr8/avr8-gnu-toolchain/bin/../lib/gcc/avr/5.4.0/../../../../avr/lib/avr5\libm.a(fp_pscA.o)
                              c:/program files (x86)/atmel/studio/7.0/toolchain/avr8/avr8-gnu-toolchain/bin/../lib/gcc/avr/5.4.0/../../../../avr/lib/avr5\libm.a(divsf3x.o) (__fp_pscA)
c:/program files (x86)/atmel/studio/7.0/toolchain/avr8/avr8-gnu-toolchain/bin/../lib/gcc/avr/5.4.0/../../../../avr/lib/avr5\libm.a(fp_pscB.o)
                              c:/program files (x86)/atmel/studio/7.0/toolchain/avr8/avr8-gnu-toolchain/bin/../lib/gcc/avr/5.4.0/../../../../avr/lib/avr5\libm.a(divsf3x.o) (__fp_pscB)
c:/program files (x86)/atmel/studio/7.0/toolchain/avr8/avr8-gnu-toolchain/bin/../lib/gcc/avr/5.4.0/../../../../avr/lib/avr5\libm.a(fp_round.o)
                              c:/program files (x86)/atmel/studio/7.0/toolchain/avr8/avr8-gnu-toolchain/bin/../lib/gcc/avr/5.4.0/../../../../avr/lib/avr5\libm.a(divsf3.o) (__fp_round)
c:/program files (x86)/atmel/studio/7.0/toolchain/avr8/avr8-gnu-toolchain/bin/../lib/gcc/avr/5.4.0/../../../../avr/lib/avr5\libm.a(fp_split3.o)
                              c:/program files (x86)/atmel/studio/7.0/toolchain/avr8/avr8-gnu-toolchain/bin/../lib/gcc/avr/5.4.0/../../../../avr/lib/avr5\libm.a(divsf3x.o) (__fp_split3)
c:/program files (x86)/atmel/studio/7.0/toolchain/avr8/avr8-gnu-toolchain/bin/../lib/gcc/avr/5.4.0/../../../../avr/lib/avr5\libm.a(fp_zero.o)
                              c:/program files (x86)/atmel/studio/7.0/toolchain/avr8/avr8-gnu-toolchain/bin/../lib/gcc/avr/5.4.0/../../../../avr/lib/avr5\libm.a(fixunssfsi.o) (__fp_zero)
c:/program files (x86)/atmel/studio/7.0/toolchain/avr8/avr8-gnu-toolchain/bin/../lib/gcc/avr/5.4.0/../../../../avr/lib/avr5\libm.a(mulsf3.o)
                              ECUAL/Analog_Sensors/LM35/LM35.o (__mulsf3)
c:/program files (x86)/atmel/studio/7.0/toolchain/avr8/avr8-gnu-toolchain/bin/../lib/gcc/avr/5.4.0/../../../../avr/lib/avr5\libm.a(mulsf3x.o)
                              c:/program files (x86)/atmel/studio/7.0/toolchain/avr8/avr8-gnu-toolchain/bin/../lib/gcc/avr/5.4.0/../../../../avr/lib/avr5\libm.a(mulsf3.o) (__mulsf3x)
c:/program files (x86)/atmel/studio/7.0/toolchain/avr8/avr8-gnu-toolchain/bin/../lib/gcc/avr/5.4.0/avr5\libgcc.a(_divmodhi4.o)
                              Services/Circular_Buffer/Circular_Buffer.o (__divmodhi4)
c:/program files (x86)/atmel/studio/7.0/toolchain/avr8/avr8-gnu-toolchain/bin/../lib/gcc/avr/5.4.0/avr5\libgcc.a(_udivmodsi4.o)
                              MCAL/I2C/I2C.o (__udivmodsi4)
c:/program files (x86)/atmel/studio/7.0/toolchain/avr8/avr8-gnu-toolchain/bin/../lib/gcc/avr/5.4.0/avr5\libgcc.a(_divmodsi4.o)
                              Services/FreeRTOS/sourses/integer.o (__divmodsi4)
c:/program files (x86)/atmel/studio/7.0/toolchain/avr8/avr8-gnu-toolchain/bin/../lib/gcc/avr/5.4.0/avr5\libgcc.a(_negsi2.o)
                              c:/program files (x86)/atmel/studio/7.0/toolchain/avr8/avr8-gnu-toolchain/bin/../lib/gcc/avr/5.4.0/avr5\libgcc.a(_divmodsi4.o) (__negsi2)
c:/program files (x86)/atmel/studio/7.0/toolchain/avr8/avr8-gnu-toolchain/bin/../lib/gcc/avr/5.4.0/avr5\libgcc.a(_exit.o)
[...]
Memory Configuration

Name             Origin             Length             Attributes
text             0x00000000         0x00008000         xr
data             0x00800060         0x00000800         rw !x
eeprom           0x00810000         0x00000400         rw !x
fuse             0x00820000         0x00000002         rw !x
lock             0x00830000         0x00000400         rw !x
signature        0x00840000         0x00000400         rw !x
user_signatures  0x00850000         0x00000400         rw !x
*default*        0x00000000         0xffffffff

Linker script and memory map

LOAD C:/Program Files (x86)/Atmel/Studio/7.0/Packs/atmel/ATmega_DFP/1.6.364/gcc/dev/atmega32/avr5/crtatmega32.o
LOAD APP/I2C_Driver.o
LOAD APP/I2C_EEPROMTask.o
LOAD APP/SPI_UART.o
LOAD APP/UART_Driver.o
LOAD APP/Traffic_System.o
LOAD APP/SPI_Driver.o
LOAD ATmega32.o
LOAD ECUAL/Analog_Sensors/LM35/LM35.o
LOAD ECUAL/Analog_Sensors/Potentiometer/Potentiometer.o
LOAD ECUAL/Button/Button.o
LOAD ECUAL/Button/Button_Cfg.o
LOAD ECUAL/Buzzer/Buzzer.o
LOAD ECUAL/DC_Motor/DC_Motor.o
LOAD ECUAL/DC_Motor/DC_Motor_Cfg.o
LOAD ECUAL/EEPROM/I2C_EEPROM/I2C_EEPROM.o
LOAD ECUAL/EEPROM/SPI_EEPROM/SPI_EEPROM.o
LOAD ECUAL/Keypad/Keypad.o
LOAD ECUAL/Keypad/Keypad_Cfg.o
LOAD ECUAL/LCD/LCD.o
LOAD ECUAL/LED/LED.o
LOAD ECUAL/LED/LED_Cfg.o
LOAD Library/System_Delays/Delays.o
LOAD MCAL/ADC/ADC.o
LOAD MCAL/DIO/Dio.o
LOAD MCAL/Ext_Int/Ext_Int.o
LOAD MCAL/I2C/I2C.o
LOAD MCAL/Internal_EEPROM/Internal_EEPROM.o
LOAD MCAL/PWM/PWM.o
LOAD MCAL/PWM/PWM_Cfg.o
LOAD MCAL/SPI/SPI.o
LOAD MCAL/TIMER/Timer.o
LOAD MCAL/UART/UART.o
LOAD MCAL/WatchDog/WatchDog.o
LOAD Services/Circular_Buffer/Circular_Buffer.o
LOAD Services/FreeRTOS/sourses/croutine.o
LOAD Services/FreeRTOS/sourses/event_groups.o
LOAD Services/FreeRTOS/sourses/heap_1.o
LOAD Services/FreeRTOS/sourses/integer.o
LOAD Services/FreeRTOS/sourses/list.o
LOAD Services/FreeRTOS/sourses/PollQ.o
LOAD Services/FreeRTOS/sourses/port.o
LOAD Services/FreeRTOS/sourses/queue.o
LOAD Services/FreeRTOS/sourses/tasks.o
LOAD Services/MQTT/MQTT.o
START GROUP
LOAD c:/program files (x86)/atmel/studio/7.0/toolchain/avr8/avr8-gnu-toolchain/bin/../lib/gcc/avr/5.4.0/../../../../avr/lib/avr5\libm.a
END GROUP
START GROUP
LOAD c:/program files (x86)/atmel/studio/7.0/toolchain/avr8/avr8-gnu-toolchain/bin/../lib/gcc/avr/5.4.0/avr5\libgcc.a
LOAD c:/program files (x86)/atmel/studio/7.0/toolchain/avr8/avr8-gnu-toolchain/bin/../lib/gcc/avr/5.4.0/../../../../avr/lib/avr5\libm.a
LOAD c:/program files (x86)/atmel/studio/7.0/toolchain/avr8/avr8-gnu-toolchain/bin/../lib/gcc/avr/5.4.0/../../../../avr/lib/avr5\libc.a
LOAD C:/Program Files (x86)/Atmel/Studio/7.0/Packs/atmel/ATmega_DFP/1.6.364/gcc/dev/atmega32/avr5\libatmega32.a
END GROUP
                0x00000000                __TEXT_REGION_ORIGIN__ = DEFINED (__TEXT_REGION_ORIGIN__)?__TEXT_REGION_ORIGIN__:0x0
                [0x00800060]                __DATA_REGION_ORIGIN__ = DEFINED (__DATA_REGION_ORIGIN__)?__DATA_REGION_ORIGIN__:0x800060
                [0x00008000]                __TEXT_REGION_LENGTH__ = DEFINED (__TEXT_REGION_LENGTH__)?__TEXT_REGION_LENGTH__:0x20000
                [0x00000800]                __DATA_REGION_LENGTH__ = DEFINED (__DATA_REGION_LENGTH__)?__DATA_REGION_LENGTH__:0xffa0
                [0x00000400]                __EEPROM_REGION_LENGTH__ = DEFINED (__EEPROM_REGION_LENGTH__)?__EEPROM_REGION_LENGTH__:0x10000
                [0x00000002]                __FUSE_REGION_LENGTH__ = DEFINED (__FUSE_REGION_LENGTH__)?__FUSE_REGION_LENGTH__:0x400
                0x00000400                __LOCK_REGION_LENGTH__ = DEFINED (__LOCK_REGION_LENGTH__)?__LOCK_REGION_LENGTH__:0x400
                0x00000400                __SIGNATURE_REGION_LENGTH__ = DEFINED (__SIGNATURE_REGION_LENGTH__)?__SIGNATURE_REGION_LENGTH__:0x400
                0x00000400                __USER_SIGNATURE_REGION_LENGTH__ = DEFINED (__USER_SIGNATURE_REGION_LENGTH__)?__USER_SIGNATURE_REGION_LENGTH__:0x400

.hash
 *(.hash)

.dynsym
 *(.dynsym)

.dynstr
 *(.dynstr)

.gnu.version
 *(.gnu.version)

.gnu.version_d
 *(.gnu.version_d)

.gnu.version_r
 *(.gnu.version_r)

.rel.init
 *(.rel.init)

.rela.init
 *(.rela.init)

.rel.text
 *(.rel.text)
 *(.rel.text.*)
 *(.rel.gnu.linkonce.t*)

.rela.text
 *(.rela.text)
 *(.rela.text.*)
 *(.rela.gnu.linkonce.t*)

.rel.fini
 *(.rel.fini)

.rela.fini
 *(.rela.fini)

.rel.rodata
 *(.rel.rodata)
 *(.rel.rodata.*)
 *(.rel.gnu.linkonce.r*)

.rela.rodata
 *(.rela.rodata)
 *(.rela.rodata.*)
 *(.rela.gnu.linkonce.r*)

.rel.data
 *(.rel.data)
 *(.rel.data.*)
 *(.rel.gnu.linkonce.d*)

.rela.data
 *(.rela.data)
 *(.rela.data.*)
 *(.rela.gnu.linkonce.d*)

.rel.ctors
 *(.rel.ctors)

.rela.ctors
 *(.rela.ctors)

.rel.dtors
 *(.rel.dtors)

.rela.dtors
 *(.rela.dtors)

.rel.got
 *(.rel.got)

.rela.got
 *(.rela.got)

.rel.bss
 *(.rel.bss)

.rela.bss
 *(.rela.bss)

.rel.plt
 *(.rel.plt)

.rela.plt
 *(.rela.plt)

.text           0x00000000     0x1192
 *(.vectors)
 .vectors       0x00000000       0x54 C:/Program Files (x86)/Atmel/Studio/7.0/Packs/atmel/ATmega_DFP/1.6.364/gcc/dev/atmega32/avr5/crtatmega32.o
                0x00000000                __vector_default
                0x00000000                __vectors
 *(.vectors)
 *(.progmem.gcc*)
                0x00000054                . = ALIGN (0x2)
                0x00000054                __trampolines_start = .
 *(.trampolines)
 .trampolines   0x00000054        0x0 linker stubs
 *(.trampolines*)
                0x00000054                __trampolines_end = .
 *libprintf_flt.a:*(.progmem.data)
 *libc.a:*(.progmem.data)
 *(.progmem*)
                0x00000054                . = ALIGN (0x2)
 *(.jumptables)
 *(.jumptables*)
 *(.lowtext)
 *(.lowtext*)
                0x00000054                __ctors_start = .
 *(.ctors)
                0x00000054                __ctors_end = .
                0x00000054                __dtors_start = .
 *(.dtors)
                0x00000054                __dtors_end = .
 SORT(*)(.ctors)
 SORT(*)(.dtors)
 *(.init0)
 .init0         0x00000054        0x0 C:/Program Files (x86)/Atmel/Studio/7.0/Packs/atmel/ATmega_DFP/1.6.364/gcc/dev/atmega32/avr5/crtatmega32.o
                0x00000054                __init
 *(.init0)
 *(.init1)
 *(.init1)
 *(.init2)
 .init2         0x00000054        0xc C:/Program Files (x86)/Atmel/Studio/7.0/Packs/atmel/ATmega_DFP/1.6.364/gcc/dev/atmega32/avr5/crtatmega32.o
 *(.init2)
 *(.init3)
 *(.init3)
 *(.init4)
 .init4         0x00000060       0x16 c:/program files (x86)/atmel/studio/7.0/toolchain/avr8/avr8-gnu-toolchain/bin/../lib/gcc/avr/5.4.0/avr5\libgcc.a(_copy_data.o)
                0x00000060                __do_copy_data
 .init4         0x00000076       0x10 c:/program files (x86)/atmel/studio/7.0/toolchain/avr8/avr8-gnu-toolchain/bin/../lib/gcc/avr/5.4.0/avr5\libgcc.a(_clear_bss.o)
                0x00000076                __do_clear_bss
 *(.init4)
 *(.init5)
 *(.init5)
 *(.init6)
 *(.init6)
 *(.init7)
 *(.init7)
 *(.init8)
 *(.init8)
 *(.init9)
 .init9         0x00000086        0x8 C:/Program Files (x86)/Atmel/Studio/7.0/Packs/atmel/ATmega_DFP/1.6.364/gcc/dev/atmega32/avr5/crtatmega32.o
 *(.init9)
 *(.text)
 .text          0x0000008e        0x4 C:/Program Files (x86)/Atmel/Studio/7.0/Packs/atmel/ATmega_DFP/1.6.364/gcc/dev/atmega32/avr5/crtatmega32.o
                0x0000008e                __vector_12
                0x0000008e                __bad_interrupt
                0x0000008e                __vector_6
                0x0000008e                __vector_17
                0x0000008e                __vector_19
                0x0000008e                __vector_9
                0x0000008e                __vector_15
                0x0000008e                __vector_8
                0x0000008e                __vector_16
                0x0000008e                __vector_18
                0x0000008e                __vector_20
                0x00000092                . = ALIGN (0x2)
 *(.text.*)
 .text.SPI_UART
                0x00000092       0xa4 APP/SPI_UART.o
                0x00000092                SPI_UART
 .text.main     0x00000136        0xa ATmega32.o
                0x00000136                main
 .text.Delay_Ms
                0x00000140       0x68 Library/System_Delays/Delays.o
                0x00000140                Delay_Ms
 .text.__vector_1
                0x000001a8       0x60 MCAL/Ext_Int/Ext_Int.o
                0x000001a8                __vector_1
 .text.__vector_2
                0x00000208       0x60 MCAL/Ext_Int/Ext_Int.o
                0x00000208                __vector_2
 .text.__vector_3
                0x00000268       0x60 MCAL/Ext_Int/Ext_Int.o
                0x00000268                __vector_3
 .text.SPI_Init
                0x000002c8       0x40 MCAL/SPI/SPI.o
                0x000002c8                SPI_Init
 .text.SPI_Send
                0x00000308        0x8 MCAL/SPI/SPI.o
                0x00000308                SPI_Send
 .text.SPI_SendString
                0x00000310       0x2e MCAL/SPI/SPI.o
                0x00000310                SPI_SendString
 .text.Timer_ResetCounter
                0x0000033e       0x38 MCAL/TIMER/Timer.o
                0x0000033e                Timer_ResetCounter
 .text.__vector_11
                0x00000376      0x156 MCAL/TIMER/Timer.o
                0x00000376                __vector_11
 .text.__vector_5
                0x000004cc      0x156 MCAL/TIMER/Timer.o
                0x000004cc                __vector_5
 .text.__vector_10
                0x00000622       0x70 MCAL/TIMER/Timer.o
                0x00000622                __vector_10
 .text.__vector_4
                0x00000692       0x54 MCAL/TIMER/Timer.o
                0x00000692                __vector_4
 .text.Uart_init
                0x000006e6       0x9c MCAL/UART/UART.o
                0x000006e6                Uart_init
 .text.__vector_14
                0x00000782       0x7c MCAL/UART/UART.o
                0x00000782                __vector_14
 .text.Uart_ReceivePooling
                0x000007fe       0x4a MCAL/UART/UART.o
                0x000007fe                Uart_ReceivePooling
 .text.Uart_ReceiveStringPooling
                0x00000848       0x78 MCAL/UART/UART.o
                0x00000848                Uart_ReceiveStringPooling
 .text.__vector_13
                0x000008c0       0x5e MCAL/UART/UART.o
                0x000008c0                __vector_13
 .text.Queue_Init
                0x0000091e       0x30 Services/Circular_Buffer/Circular_Buffer.o
                0x0000091e                Queue_Init
 .text.EnQueue  0x0000094e       0xae Services/Circular_Buffer/Circular_Buffer.o
                0x0000094e                EnQueue
 .text.DeQueue  0x000009fc       0x56 Services/Circular_Buffer/Circular_Buffer.o
                0x000009fc                DeQueue
 .text.vListInsertEnd
                0x00000a52       0x42 Services/FreeRTOS/sourses/list.o
                0x00000a52                vListInsertEnd
 .text.uxListRemove
                0x00000a94       0x4c Services/FreeRTOS/sourses/list.o
                0x00000a94                uxListRemove
 .text.vPortYieldFromTick
                0x00000ae0       0xb8 Services/FreeRTOS/sourses/port.o
                0x00000ae0                vPortYieldFromTick
 .text.__vector_7
                0x00000b98        0x6 Services/FreeRTOS/sourses/port.o
                0x00000b98                __vector_7
 .text.prvResetNextTaskUnblockTime
                0x00000b9e       0x3e Services/FreeRTOS/sourses/tasks.o
 .text.xTaskIncrementTick
                0x00000bdc      0x17a Services/FreeRTOS/sourses/tasks.o
                0x00000bdc                xTaskIncrementTick
 .text.vTaskSwitchContext
                0x00000d56       0xda Services/FreeRTOS/sourses/tasks.o
                0x00000d56                vTaskSwitchContext
 .text.libgcc.div
                0x00000e30       0x28 c:/program files (x86)/atmel/studio/7.0/toolchain/avr8/avr8-gnu-toolchain/bin/../lib/gcc/avr/5.4.0/avr5\libgcc.a(_divmodhi4.o)
                0x00000e30                _div
                0x00000e30                __divmodhi4
 .text.libgcc.div
                0x00000e58       0x44 c:/program files (x86)/atmel/studio/7.0/toolchain/avr8/avr8-gnu-toolchain/bin/../lib/gcc/avr/5.4.0/avr5\libgcc.a(_udivmodsi4.o)
                0x00000e58                __udivmodsi4
 .text.libgcc   0x00000e9c       0x18 c:/program files (x86)/atmel/studio/7.0/toolchain/avr8/avr8-gnu-toolchain/bin/../lib/gcc/avr/5.4.0/avr5\libgcc.a(_adddi3_s8.o)
                0x00000e9c                __adddi3_s8
 .text.libgcc   0x00000eb4       0x12 c:/program files (x86)/atmel/studio/7.0/toolchain/avr8/avr8-gnu-toolchain/bin/../lib/gcc/avr/5.4.0/avr5\libgcc.a(_cmpdi2.o)
                0x00000eb4                __cmpdi2
 .text.libgcc   0x00000ec6       0x18 c:/program files (x86)/atmel/studio/7.0/toolchain/avr8/avr8-gnu-toolchain/bin/../lib/gcc/avr/5.4.0/avr5\libgcc.a(_cmpdi2_s8.o)
                0x00000ec6                __cmpdi2_s8
 .text.libgcc.div
                0x00000ede       0x28 c:/program files (x86)/atmel/studio/7.0/toolchain/avr8/avr8-gnu-toolchain/bin/../lib/gcc/avr/5.4.0/avr5\libgcc.a(_udivmodhi4.o)
                0x00000ede                __udivmodhi4
 .text.avr-libc
                0x00000f06       0x38 c:/program files (x86)/atmel/studio/7.0/toolchain/avr8/avr8-gnu-toolchain/bin/../lib/gcc/avr/5.4.0/../../../../avr/lib/avr5\libc.a(calloc.o)
                0x00000f06                calloc
 .text.avr-libc
                0x00000f3e      0x242 c:/program files (x86)/atmel/studio/7.0/toolchain/avr8/avr8-gnu-toolchain/bin/../lib/gcc/avr/5.4.0/../../../../avr/lib/avr5\libc.a(malloc.o)
                0x00000f3e                malloc
                0x0000106e                free
 .text.avr-libc
                0x00001180        0xe c:/program files (x86)/atmel/studio/7.0/toolchain/avr8/avr8-gnu-toolchain/bin/../lib/gcc/avr/5.4.0/../../../../avr/lib/avr5\libc.a(memset.o)
                0x00001180                memset
                0x0000118e                . = ALIGN (0x2)
 *(.fini9)
 .fini9         0x0000118e        0x0 c:/program files (x86)/atmel/studio/7.0/toolchain/avr8/avr8-gnu-toolchain/bin/../lib/gcc/avr/5.4.0/avr5\libgcc.a(_exit.o)
                0x0000118e                _exit
                0x0000118e                exit
 *(.fini9)
 *(.fini8)
 *(.fini8)
 *(.fini7)
 *(.fini7)
 *(.fini6)
 *(.fini6)
 *(.fini5)
 *(.fini5)
 *(.fini4)
 *(.fini4)
 *(.fini3)
 *(.fini3)
 *(.fini2)
 *(.fini2)
 *(.fini1)
 *(.fini1)
 *(.fini0)
 .fini0         0x0000118e        0x4 c:/program files (x86)/atmel/studio/7.0/toolchain/avr8/avr8-gnu-toolchain/bin/../lib/gcc/avr/5.4.0/avr5\libgcc.a(_exit.o)
 *(.fini0)
                0x00001192                _etext = .

.data           0x00800060       0x14 load address 0x00001192
                0x00800060                PROVIDE (__data_start, .)
 *(.data)
 .data          0x00800060        0x6 c:/program files (x86)/atmel/studio/7.0/toolchain/avr8/avr8-gnu-toolchain/bin/../lib/gcc/avr/5.4.0/../../../../avr/lib/avr5\libc.a(malloc.o)
                0x00800060                __malloc_heap_end
                0x00800062                __malloc_heap_start
                0x00800064                __malloc_margin
 *(.data*)
 .data.Cycle    0x00800066        0x2 MCAL/TIMER/Timer.o
 .data.T_Buffer
                0x00800068        0x5 MCAL/UART/UART.o
 .data.R_Buffer
                0x0080006d        0x5 MCAL/UART/UART.o
 .data.xNextTaskUnblockTime
                0x00800072        0x2 Services/FreeRTOS/sourses/tasks.o
 *(.gnu.linkonce.d*)
 *(.rodata)
 *(.rodata*)
 *(.gnu.linkonce.r*)
                0x00800074                . = ALIGN (0x2)
                0x00800074                _edata = .
                0x00800074                PROVIDE (__data_end, .)

.bss            0x00800074       0x77
                0x00800074                PROVIDE (__bss_start, .)
 *(.bss)
 *(.bss*)
 .bss.ExtI_Callbacks
                0x00800074        0x6 MCAL/Ext_Int/Ext_Int.o
 .bss.PWMAction
                0x0080007a        0x4 MCAL/TIMER/Timer.o
 .bss.Duty      0x0080007e       0x20 MCAL/TIMER/Timer.o
 .bss.OverFlows
                0x0080009e       0x10 MCAL/TIMER/Timer.o
 .bss.NotifierAction
                0x008000ae        0x4 MCAL/TIMER/Timer.o
 .bss.CounterAction
                0x008000b2        0x2 MCAL/TIMER/Timer.o
 .bss.T_Flag    0x008000b4        0x1 MCAL/UART/UART.o
 .bss.R_Flag    0x008000b5        0x1 MCAL/UART/UART.o
 .bss.uxSchedulerSuspended
                0x008000b6        0x1 Services/FreeRTOS/sourses/tasks.o
 .bss.xNumOfOverflows
                0x008000b7        0x1 Services/FreeRTOS/sourses/tasks.o
 .bss.xYieldPending
                0x008000b8        0x1 Services/FreeRTOS/sourses/tasks.o
 .bss.uxPendedTicks
                0x008000b9        0x1 Services/FreeRTOS/sourses/tasks.o
 .bss.uxTopReadyPriority
                0x008000ba        0x1 Services/FreeRTOS/sourses/tasks.o
 .bss.xTickCount
                0x008000bb        0x2 Services/FreeRTOS/sourses/tasks.o
 .bss.pxOverflowDelayedTaskList
                0x008000bd        0x2 Services/FreeRTOS/sourses/tasks.o
 .bss.pxDelayedTaskList
                0x008000bf        0x2 Services/FreeRTOS/sourses/tasks.o
 .bss.pxReadyTasksLists
                0x008000c1       0x24 Services/FreeRTOS/sourses/tasks.o
 .bss.pxCurrentTCB
                0x008000e5        0x2 Services/FreeRTOS/sourses/tasks.o
                0x008000e5                pxCurrentTCB
 *(COMMON)
 COMMON         0x008000e7        0x4 c:/program files (x86)/atmel/studio/7.0/toolchain/avr8/avr8-gnu-toolchain/bin/../lib/gcc/avr/5.4.0/../../../../avr/lib/avr5\libc.a(malloc.o)
                0x008000e7                __brkval
                0x008000e9                __flp
                0x008000eb                PROVIDE (__bss_end, .)
                0x00001192                __data_load_start = LOADADDR (.data)
                0x000011a6                __data_load_end = (__data_load_start + SIZEOF (.data))

.noinit         0x008000eb        0x0
                [!provide]                PROVIDE (__noinit_start, .)
 *(.noinit*)
                [!provide]                PROVIDE (__noinit_end, .)
                0x008000eb                _end = .
                0x008000eb                PROVIDE (__heap_start, .)

.eeprom         0x00810000        0x0
 *(.eeprom*)
                0x00810000                __eeprom_end = .

.fuse
 *(.fuse)
 *(.lfuse)
 *(.hfuse)
 *(.efuse)

.lock
 *(.lock*)

.signature
 *(.signature*)

.user_signatures
 *(.user_signatures*)

.stab
 *(.stab)

.stabstr
 *(.stabstr)

.stab.excl
 *(.stab.excl)

.stab.exclstr
 *(.stab.exclstr)

.stab.index
 *(.stab.index)

.stab.indexstr
 *(.stab.indexstr)

.comment        0x00000000       0x30
 *(.comment)
 .comment       0x00000000       0x30 APP/SPI_UART.o
                                 0x31 (size before relaxing)
 .comment       0x00000030       0x31 ATmega32.o
 .comment       0x00000030       0x31 Library/System_Delays/Delays.o
 .comment       0x00000030       0x31 MCAL/Ext_Int/Ext_Int.o
 .comment       0x00000030       0x31 MCAL/SPI/SPI.o
 .comment       0x00000030       0x31 MCAL/TIMER/Timer.o
 .comment       0x00000030       0x31 MCAL/UART/UART.o
 .comment       0x00000030       0x31 Services/Circular_Buffer/Circular_Buffer.o
 .comment       0x00000030       0x31 Services/FreeRTOS/sourses/list.o
 .comment       0x00000030       0x31 Services/FreeRTOS/sourses/port.o
 .comment       0x00000030       0x31 Services/FreeRTOS/sourses/tasks.o
 .comment       0x00000030       0x31 c:/program files (x86)/atmel/studio/7.0/toolchain/avr8/avr8-gnu-toolchain/bin/../lib/gcc/avr/5.4.0/../../../../avr/lib/avr5\libc.a(calloc.o)
 .comment       0x00000030       0x31 c:/program files (x86)/atmel/studio/7.0/toolchain/avr8/avr8-gnu-toolchain/bin/../lib/gcc/avr/5.4.0/../../../../avr/lib/avr5\libc.a(malloc.o)

.note.gnu.avr.deviceinfo
                0x00000000       0x3c
 .note.gnu.avr.deviceinfo
                0x00000000       0x3c C:/Program Files (x86)/Atmel/Studio/7.0/Packs/atmel/ATmega_DFP/1.6.364/gcc/dev/atmega32/avr5/crtatmega32.o

.note.gnu.build-id
 *(.note.gnu.build-id)

.debug
 *(.debug)

.line
 *(.line)

.debug_srcinfo
 *(.debug_srcinfo)

.debug_sfnames
 *(.debug_sfnames)

.debug_aranges  0x00000000      0x3a0
 *(.debug_aranges)
 .debug_aranges
                0x00000000       0x20 APP/SPI_UART.o
 .debug_aranges
                0x00000020       0x20 ATmega32.o
 .debug_aranges
                0x00000040       0x28 Library/System_Delays/Delays.o
 .debug_aranges
                0x00000068       0x40 MCAL/Ext_Int/Ext_Int.o
 .debug_aranges
                0x000000a8       0x40 MCAL/SPI/SPI.o
 .debug_aranges
                0x000000e8       0x90 MCAL/TIMER/Timer.o
 .debug_aranges
                0x00000178       0x68 MCAL/UART/UART.o
 .debug_aranges
                0x000001e0       0x30 Services/Circular_Buffer/Circular_Buffer.o
 .debug_aranges
                0x00000210       0x40 Services/FreeRTOS/sourses/list.o
 .debug_aranges
                0x00000250       0x48 Services/FreeRTOS/sourses/port.o
 .debug_aranges
                0x00000298      0x108 Services/FreeRTOS/sourses/tasks.o

.debug_pubnames
 *(.debug_pubnames)

.debug_info     0x00000000     0x4247
 *(.debug_info .gnu.linkonce.wi.*)
 .debug_info    0x00000000      0x4e6 C:/Program Files (x86)/Atmel/Studio/7.0/Packs/atmel/ATmega_DFP/1.6.364/gcc/dev/atmega32/avr5/crtatmega32.o
 .debug_info    0x000004e6      0x2d9 APP/SPI_UART.o
 .debug_info    0x000007bf       0x66 ATmega32.o
 .debug_info    0x00000825      0x1ae Library/System_Delays/Delays.o
 .debug_info    0x000009d3      0x393 MCAL/Ext_Int/Ext_Int.o
 .debug_info    0x00000d66      0x480 MCAL/SPI/SPI.o
 .debug_info    0x000011e6      0xb4d MCAL/TIMER/Timer.o
 .debug_info    0x00001d33      0x86b MCAL/UART/UART.o
 .debug_info    0x0000259e      0x1fe Services/Circular_Buffer/Circular_Buffer.o
 .debug_info    0x0000279c      0x2c6 Services/FreeRTOS/sourses/list.o
 .debug_info    0x00002a62      0x263 Services/FreeRTOS/sourses/port.o
 .debug_info    0x00002cc5     0x1582 Services/FreeRTOS/sourses/tasks.o

.debug_abbrev   0x00000000     0x1407
 *(.debug_abbrev)
 .debug_abbrev  0x00000000      0x4a3 C:/Program Files (x86)/Atmel/Studio/7.0/Packs/atmel/ATmega_DFP/1.6.364/gcc/dev/atmega32/avr5/crtatmega32.o
 .debug_abbrev  0x000004a3      0x182 APP/SPI_UART.o
 .debug_abbrev  0x00000625       0x5a ATmega32.o
 .debug_abbrev  0x0000067f       0xfe Library/System_Delays/Delays.o
 .debug_abbrev  0x0000077d      0x153 MCAL/Ext_Int/Ext_Int.o
 .debug_abbrev  0x000008d0      0x16c MCAL/SPI/SPI.o
 .debug_abbrev  0x00000a3c      0x1f6 MCAL/TIMER/Timer.o
 .debug_abbrev  0x00000c32      0x18f MCAL/UART/UART.o
 .debug_abbrev  0x00000dc1      0x113 Services/Circular_Buffer/Circular_Buffer.o
 .debug_abbrev  0x00000ed4       0xf8 Services/FreeRTOS/sourses/list.o
 .debug_abbrev  0x00000fcc      0x155 Services/FreeRTOS/sourses/port.o
 .debug_abbrev  0x00001121      0x2e6 Services/FreeRTOS/sourses/tasks.o

.debug_line     0x00000000     0x2678
 *(.debug_line .debug_line.* .debug_line_end)
 .debug_line    0x00000000      0x116 C:/Program Files (x86)/Atmel/Studio/7.0/Packs/atmel/ATmega_DFP/1.6.364/gcc/dev/atmega32/avr5/crtatmega32.o
 .debug_line    0x00000116      0x1d0 APP/SPI_UART.o
 .debug_line    0x000002e6       0x69 ATmega32.o
 .debug_line    0x0000034f      0x16d Library/System_Delays/Delays.o
 .debug_line    0x000004bc      0x22a MCAL/Ext_Int/Ext_Int.o
 .debug_line    0x000006e6      0x211 MCAL/SPI/SPI.o
 .debug_line    0x000008f7      0x68a MCAL/TIMER/Timer.o
 .debug_line    0x00000f81      0x47f MCAL/UART/UART.o
 .debug_line    0x00001400      0x1f9 Services/Circular_Buffer/Circular_Buffer.o
 .debug_line    0x000015f9      0x201 Services/FreeRTOS/sourses/list.o
 .debug_line    0x000017fa      0x2be Services/FreeRTOS/sourses/port.o
 .debug_line    0x00001ab8      0xbc0 Services/FreeRTOS/sourses/tasks.o

.debug_frame    0x00000000      0xc4c
 *(.debug_frame)
 .debug_frame   0x00000000       0x38 APP/SPI_UART.o
 .debug_frame   0x00000038       0x24 ATmega32.o
 .debug_frame   0x0000005c       0x6c Library/System_Delays/Delays.o
 .debug_frame   0x000000c8      0x13c MCAL/Ext_Int/Ext_Int.o
 .debug_frame   0x00000204       0x80 MCAL/SPI/SPI.o
 .debug_frame   0x00000284      0x310 MCAL/TIMER/Timer.o
 .debug_frame   0x00000594      0x1d4 MCAL/UART/UART.o
 .debug_frame   0x00000768       0x64 Services/Circular_Buffer/Circular_Buffer.o
 .debug_frame   0x000007cc       0x88 Services/FreeRTOS/sourses/list.o
 .debug_frame   0x00000854       0x74 Services/FreeRTOS/sourses/port.o
 .debug_frame   0x000008c8      0x384 Services/FreeRTOS/sourses/tasks.o

.debug_str      0x00000000     0x1c2c
 *(.debug_str)
 .debug_str     0x00000000      0x196 C:/Program Files (x86)/Atmel/Studio/7.0/Packs/atmel/ATmega_DFP/1.6.364/gcc/dev/atmega32/avr5/crtatmega32.o
 .debug_str     0x00000196      0x249 APP/SPI_UART.o
                                0x282 (size before relaxing)
 .debug_str     0x000003df       0x15 ATmega32.o
                                0x149 (size before relaxing)
 .debug_str     0x000003f4       0x8e Library/System_Delays/Delays.o
                                0x22f (size before relaxing)
 .debug_str     0x00000482      0x20d MCAL/Ext_Int/Ext_Int.o
                                0x3c1 (size before relaxing)
 .debug_str     0x0000068f      0x1ae MCAL/SPI/SPI.o
                                0x405 (size before relaxing)
 .debug_str     0x0000083d      0x589 MCAL/TIMER/Timer.o
                                0x7ed (size before relaxing)
 .debug_str     0x00000dc6      0x47d MCAL/UART/UART.o
                                0x68d (size before relaxing)
 .debug_str     0x00001243       0x49 Services/Circular_Buffer/Circular_Buffer.o
                                0x280 (size before relaxing)
 .debug_str     0x0000128c      0x158 Services/FreeRTOS/sourses/list.o
                                0x2fe (size before relaxing)
 .debug_str     0x000013e4      0x130 Services/FreeRTOS/sourses/port.o
                                0x300 (size before relaxing)
 .debug_str     0x00001514      0x718 Services/FreeRTOS/sourses/tasks.o
                                0xa9a (size before relaxing)

.debug_loc      0x00000000     0x37cf
 *(.debug_loc)
 .debug_loc     0x00000000       0x81 APP/SPI_UART.o
 .debug_loc     0x00000081      0x256 Library/System_Delays/Delays.o
 .debug_loc     0x000002d7      0x384 MCAL/Ext_Int/Ext_Int.o
 .debug_loc     0x0000065b      0x1e6 MCAL/SPI/SPI.o
 .debug_loc     0x00000841      0xb77 MCAL/TIMER/Timer.o
 .debug_loc     0x000013b8      0xbfa MCAL/UART/UART.o
 .debug_loc     0x00001fb2      0x1c6 Services/Circular_Buffer/Circular_Buffer.o
 .debug_loc     0x00002178      0x145 Services/FreeRTOS/sourses/list.o
 .debug_loc     0x000022bd      0x2a0 Services/FreeRTOS/sourses/port.o
 .debug_loc     0x0000255d     0x1272 Services/FreeRTOS/sourses/tasks.o

.debug_macinfo
 *(.debug_macinfo)

.debug_weaknames
 *(.debug_weaknames)

.debug_funcnames
 *(.debug_funcnames)

.debug_typenames
 *(.debug_typenames)

.debug_varnames
 *(.debug_varnames)

.debug_pubtypes
 *(.debug_pubtypes)

.debug_ranges   0x00000000      0x350
 *(.debug_ranges)
 .debug_ranges  0x00000000       0x10 APP/SPI_UART.o
 .debug_ranges  0x00000010       0x10 ATmega32.o
 .debug_ranges  0x00000020       0x18 Library/System_Delays/Delays.o
 .debug_ranges  0x00000038       0x30 MCAL/Ext_Int/Ext_Int.o
 .debug_ranges  0x00000068       0x30 MCAL/SPI/SPI.o
 .debug_ranges  0x00000098       0x80 MCAL/TIMER/Timer.o
 .debug_ranges  0x00000118       0x58 MCAL/UART/UART.o
 .debug_ranges  0x00000170       0x20 Services/Circular_Buffer/Circular_Buffer.o
 .debug_ranges  0x00000190       0x30 Services/FreeRTOS/sourses/list.o
 .debug_ranges  0x000001c0       0x38 Services/FreeRTOS/sourses/port.o
 .debug_ranges  0x000001f8      0x158 Services/FreeRTOS/sourses/tasks.o

.debug_macro
 *(.debug_macro)
OUTPUT(ATmega32.elf elf32-avr)
LOAD linker stubs
