Archive member included because of file (symbol)

c:/program files (x86)/atmel/atmel studio 6.0/extensions/atmel/avrgcc/3.4.1.95/avrtoolchain/bin/../lib/gcc/avr/4.6.2/avr5\libgcc.a(_exit.o)
                              c:/program files (x86)/atmel/atmel studio 6.0/extensions/atmel/avrgcc/3.4.1.95/avrtoolchain/bin/../lib/gcc/avr/4.6.2/../../../../avr/lib/avr5/crtm32.o (exit)
c:/program files (x86)/atmel/atmel studio 6.0/extensions/atmel/avrgcc/3.4.1.95/avrtoolchain/bin/../lib/gcc/avr/4.6.2/avr5\libgcc.a(_copy_data.o)
                              APP/App.o (__do_copy_data)
c:/program files (x86)/atmel/atmel studio 6.0/extensions/atmel/avrgcc/3.4.1.95/avrtoolchain/bin/../lib/gcc/avr/4.6.2/avr5\libgcc.a(_clear_bss.o)
                              APP/App.o (__do_clear_bss)

Memory Configuration

Name             Origin             Length             Attributes
text             0x00000000         0x00020000         xr
data             0x00800060         0x0000ffa0         rw !x
eeprom           0x00810000         0x00010000         rw !x
fuse             0x00820000         0x00000400         rw !x
lock             0x00830000         0x00000400         rw !x
signature        0x00840000         0x00000400         rw !x
*default*        0x00000000         0xffffffff

Linker script and memory map

LOAD c:/program files (x86)/atmel/atmel studio 6.0/extensions/atmel/avrgcc/3.4.1.95/avrtoolchain/bin/../lib/gcc/avr/4.6.2/../../../../avr/lib/avr5/crtm32.o
LOAD APP/App.o
LOAD APP/Indications.o
LOAD main.o
LOAD ECUAL/Button/Button.o
LOAD ECUAL/Button/Button_cfg.o
LOAD ECUAL/DC_Motor/DC_Motor.o
LOAD ECUAL/DC_Motor/DC_Motor_cfg.o
LOAD MCAL/DIO/DIO.o
LOAD MCAL/PWM/PWM.o
LOAD MCAL/TIMER/timer.o
START GROUP
LOAD c:/program files (x86)/atmel/atmel studio 6.0/extensions/atmel/avrgcc/3.4.1.95/avrtoolchain/bin/../lib/gcc/avr/4.6.2/../../../../avr/lib/avr5\libm.a
END GROUP
LOAD c:/program files (x86)/atmel/atmel studio 6.0/extensions/atmel/avrgcc/3.4.1.95/avrtoolchain/bin/../lib/gcc/avr/4.6.2/avr5\libgcc.a
LOAD c:/program files (x86)/atmel/atmel studio 6.0/extensions/atmel/avrgcc/3.4.1.95/avrtoolchain/bin/../lib/gcc/avr/4.6.2/../../../../avr/lib/avr5\libc.a
LOAD c:/program files (x86)/atmel/atmel studio 6.0/extensions/atmel/avrgcc/3.4.1.95/avrtoolchain/bin/../lib/gcc/avr/4.6.2/avr5\libgcc.a

.hash
 *(.hash)

.dynsym
 *(.dynsym)

.dynstr
 *(.dynstr)

.gnu.version
 *(.gnu.version)

.gnu.version_d
 *(.gnu.version_d)

.gnu.version_r
 *(.gnu.version_r)

.rel.init
 *(.rel.init)

.rela.init
 *(.rela.init)

.rel.text
 *(.rel.text)
 *(.rel.text.*)
 *(.rel.gnu.linkonce.t*)

.rela.text
 *(.rela.text)
 *(.rela.text.*)
 *(.rela.gnu.linkonce.t*)

.rel.fini
 *(.rel.fini)

.rela.fini
 *(.rela.fini)

.rel.rodata
 *(.rel.rodata)
 *(.rel.rodata.*)
 *(.rel.gnu.linkonce.r*)

.rela.rodata
 *(.rela.rodata)
 *(.rela.rodata.*)
 *(.rela.gnu.linkonce.r*)

.rel.data
 *(.rel.data)
 *(.rel.data.*)
 *(.rel.gnu.linkonce.d*)

.rela.data
 *(.rela.data)
 *(.rela.data.*)
 *(.rela.gnu.linkonce.d*)

.rel.ctors
 *(.rel.ctors)

.rela.ctors
 *(.rela.ctors)

.rel.dtors
 *(.rel.dtors)

.rela.dtors
 *(.rela.dtors)

.rel.got
 *(.rel.got)

.rela.got
 *(.rela.got)

.rel.bss
 *(.rel.bss)

.rela.bss
 *(.rela.bss)

.rel.plt
 *(.rel.plt)

.rela.plt
 *(.rela.plt)

.text           0x00000000      0xe42
 *(.vectors)
 .vectors       0x00000000       0x54 c:/program files (x86)/atmel/atmel studio 6.0/extensions/atmel/avrgcc/3.4.1.95/avrtoolchain/bin/../lib/gcc/avr/4.6.2/../../../../avr/lib/avr5/crtm32.o
                0x00000000                __vector_default
                0x00000000                __vectors
 *(.vectors)
 *(.progmem.gcc*)
 *(.progmem*)
                0x00000054                . = ALIGN (0x2)
                0x00000054                __trampolines_start = .
 *(.trampolines)
 .trampolines   0x00000054        0x0 linker stubs
 *(.trampolines*)
                0x00000054                __trampolines_end = .
 *(.jumptables)
 *(.jumptables*)
 *(.lowtext)
 *(.lowtext*)
                0x00000054                __ctors_start = .
 *(.ctors)
                0x00000054                __ctors_end = .
                0x00000054                __dtors_start = .
 *(.dtors)
                0x00000054                __dtors_end = .
 SORT(*)(.ctors)
 SORT(*)(.dtors)
 *(.init0)
 .init0         0x00000054        0x0 c:/program files (x86)/atmel/atmel studio 6.0/extensions/atmel/avrgcc/3.4.1.95/avrtoolchain/bin/../lib/gcc/avr/4.6.2/../../../../avr/lib/avr5/crtm32.o
                0x00000054                __init
 *(.init0)
 *(.init1)
 *(.init1)
 *(.init2)
 .init2         0x00000054        0xc c:/program files (x86)/atmel/atmel studio 6.0/extensions/atmel/avrgcc/3.4.1.95/avrtoolchain/bin/../lib/gcc/avr/4.6.2/../../../../avr/lib/avr5/crtm32.o
 *(.init2)
 *(.init3)
 *(.init3)
 *(.init4)
 .init4         0x00000060       0x16 c:/program files (x86)/atmel/atmel studio 6.0/extensions/atmel/avrgcc/3.4.1.95/avrtoolchain/bin/../lib/gcc/avr/4.6.2/avr5\libgcc.a(_copy_data.o)
                0x00000060                __do_copy_data
 .init4         0x00000076       0x10 c:/program files (x86)/atmel/atmel studio 6.0/extensions/atmel/avrgcc/3.4.1.95/avrtoolchain/bin/../lib/gcc/avr/4.6.2/avr5\libgcc.a(_clear_bss.o)
                0x00000076                __do_clear_bss
 *(.init4)
 *(.init5)
 *(.init5)
 *(.init6)
 *(.init6)
 *(.init7)
 *(.init7)
 *(.init8)
 *(.init8)
 *(.init9)
 .init9         0x00000086        0x8 c:/program files (x86)/atmel/atmel studio 6.0/extensions/atmel/avrgcc/3.4.1.95/avrtoolchain/bin/../lib/gcc/avr/4.6.2/../../../../avr/lib/avr5/crtm32.o
 *(.init9)
 *(.text)
 .text          0x0000008e        0x4 c:/program files (x86)/atmel/atmel studio 6.0/extensions/atmel/avrgcc/3.4.1.95/avrtoolchain/bin/../lib/gcc/avr/4.6.2/../../../../avr/lib/avr5/crtm32.o
                0x0000008e                __vector_1
                0x0000008e                __vector_12
                0x0000008e                __bad_interrupt
                0x0000008e                __vector_6
                0x0000008e                __vector_3
                0x0000008e                __vector_13
                0x0000008e                __vector_17
                0x0000008e                __vector_19
                0x0000008e                __vector_7
                0x0000008e                __vector_9
                0x0000008e                __vector_2
                0x0000008e                __vector_15
                0x0000008e                __vector_8
                0x0000008e                __vector_14
                0x0000008e                __vector_16
                0x0000008e                __vector_18
                0x0000008e                __vector_20
 .text          0x00000092      0x35a APP/App.o
                0x00000092                App_Init
                0x000000aa                App_Update
 .text          0x000003ec       0x30 APP/Indications.o
                0x000003ec                Basic_io_init
                0x000003fa                Led_only_on
 .text          0x0000041c       0x1c main.o
                0x0000041c                main
 .text          0x00000438       0x76 ECUAL/Button/Button.o
                0x00000438                BUTTON_init
                0x00000482                BUTTON_READ
 .text          0x000004ae        0x0 ECUAL/Button/Button_cfg.o
 .text          0x000004ae      0x224 ECUAL/DC_Motor/DC_Motor.o
                0x00000544                MOTOR_INIT
                0x000005b0                MOTOR_Direction
                0x0000065c                MOTOR_Stop
 .text          0x000006d2        0x0 ECUAL/DC_Motor/DC_Motor_cfg.o
 .text          0x000006d2      0x52a MCAL/DIO/DIO.o
                0x000006d2                DIO_setPortDirection
                0x00000700                DIO_setPinDirection
                0x00000832                DIO_writePortValue
                0x00000860                DIO_writePinValue
                0x00000992                DIO_readPort
                0x000009da                DIO_readPin
                0x00000a78                DIO_TogglePin
                0x00000b0a                DIO_SetPullupRes
 .text          0x00000bfc       0x88 MCAL/PWM/PWM.o
                0x00000c18                PWM_Init
                0x00000c54                PWM_Stop
                0x00000c7e                SET_PWM_DutyCycle
 .text          0x00000c84      0x1ba MCAL/TIMER/timer.o
                0x00000c84                TIMER_setCallBack
                0x00000c96                TIMER_start
                0x00000cd6                TIMER_stop
                0x00000cee                __vector_11
                0x00000d42                __vector_5
                0x00000d96                __vector_10
                0x00000dea                __vector_4
 .text          0x00000e3e        0x0 c:/program files (x86)/atmel/atmel studio 6.0/extensions/atmel/avrgcc/3.4.1.95/avrtoolchain/bin/../lib/gcc/avr/4.6.2/avr5\libgcc.a(_exit.o)
 .text          0x00000e3e        0x0 c:/program files (x86)/atmel/atmel studio 6.0/extensions/atmel/avrgcc/3.4.1.95/avrtoolchain/bin/../lib/gcc/avr/4.6.2/avr5\libgcc.a(_copy_data.o)
 .text          0x00000e3e        0x0 c:/program files (x86)/atmel/atmel studio 6.0/extensions/atmel/avrgcc/3.4.1.95/avrtoolchain/bin/../lib/gcc/avr/4.6.2/avr5\libgcc.a(_clear_bss.o)
                0x00000e3e                . = ALIGN (0x2)
 *(.text.*)
 .text.libgcc   0x00000e3e        0x0 c:/program files (x86)/atmel/atmel studio 6.0/extensions/atmel/avrgcc/3.4.1.95/avrtoolchain/bin/../lib/gcc/avr/4.6.2/avr5\libgcc.a(_exit.o)
 .text.libgcc   0x00000e3e        0x0 c:/program files (x86)/atmel/atmel studio 6.0/extensions/atmel/avrgcc/3.4.1.95/avrtoolchain/bin/../lib/gcc/avr/4.6.2/avr5\libgcc.a(_copy_data.o)
 .text.libgcc   0x00000e3e        0x0 c:/program files (x86)/atmel/atmel studio 6.0/extensions/atmel/avrgcc/3.4.1.95/avrtoolchain/bin/../lib/gcc/avr/4.6.2/avr5\libgcc.a(_clear_bss.o)
                0x00000e3e                . = ALIGN (0x2)
 *(.fini9)
 .fini9         0x00000e3e        0x0 c:/program files (x86)/atmel/atmel studio 6.0/extensions/atmel/avrgcc/3.4.1.95/avrtoolchain/bin/../lib/gcc/avr/4.6.2/avr5\libgcc.a(_exit.o)
                0x00000e3e                _exit
                0x00000e3e                exit
 *(.fini9)
 *(.fini8)
 *(.fini8)
 *(.fini7)
 *(.fini7)
 *(.fini6)
 *(.fini6)
 *(.fini5)
 *(.fini5)
 *(.fini4)
 *(.fini4)
 *(.fini3)
 *(.fini3)
 *(.fini2)
 *(.fini2)
 *(.fini1)
 *(.fini1)
 *(.fini0)
 .fini0         0x00000e3e        0x4 c:/program files (x86)/atmel/atmel studio 6.0/extensions/atmel/avrgcc/3.4.1.95/avrtoolchain/bin/../lib/gcc/avr/4.6.2/avr5\libgcc.a(_exit.o)
 *(.fini0)
                0x00000e42                _etext = .

.data           0x00800060       0x24 load address 0x00000e42
                0x00800060                PROVIDE (__data_start, .)
 *(.data)
 .data          0x00800060        0x0 c:/program files (x86)/atmel/atmel studio 6.0/extensions/atmel/avrgcc/3.4.1.95/avrtoolchain/bin/../lib/gcc/avr/4.6.2/../../../../avr/lib/avr5/crtm32.o
 .data          0x00800060        0x5 APP/App.o
 .data          0x00800065        0x0 APP/Indications.o
 .data          0x00800065        0x0 main.o
 .data          0x00800065        0x0 ECUAL/Button/Button.o
 .data          0x00800065        0x8 ECUAL/Button/Button_cfg.o
                0x00800065                Arr_ST_Btn_cfg
 .data          0x0080006d        0x2 ECUAL/DC_Motor/DC_Motor.o
 .data          0x0080006f        0xa ECUAL/DC_Motor/DC_Motor_cfg.o
                0x0080006f                MTR_PWM_CFG
                0x00800071                Arr_ST_Mtr_cfg
 .data          0x00800079        0x0 MCAL/DIO/DIO.o
 .data          0x00800079        0xa MCAL/PWM/PWM.o
                0x00800079                PWM_TIMERS
                0x0080007b                PWM_CFG
 .data          0x00800083        0x0 MCAL/TIMER/timer.o
 .data          0x00800083        0x0 c:/program files (x86)/atmel/atmel studio 6.0/extensions/atmel/avrgcc/3.4.1.95/avrtoolchain/bin/../lib/gcc/avr/4.6.2/avr5\libgcc.a(_exit.o)
 .data          0x00800083        0x0 c:/program files (x86)/atmel/atmel studio 6.0/extensions/atmel/avrgcc/3.4.1.95/avrtoolchain/bin/../lib/gcc/avr/4.6.2/avr5\libgcc.a(_copy_data.o)
 .data          0x00800083        0x0 c:/program files (x86)/atmel/atmel studio 6.0/extensions/atmel/avrgcc/3.4.1.95/avrtoolchain/bin/../lib/gcc/avr/4.6.2/avr5\libgcc.a(_clear_bss.o)
 *(.data*)
 *(.rodata)
 *(.rodata*)
 *(.gnu.linkonce.d*)
                0x00800084                . = ALIGN (0x2)
 *fill*         0x00800083        0x1 00
                0x00800084                _edata = .
                0x00800084                PROVIDE (__data_end, .)

.bss            0x00800084        0x8
                0x00800084                PROVIDE (__bss_start, .)
 *(.bss)
 .bss           0x00800084        0x0 c:/program files (x86)/atmel/atmel studio 6.0/extensions/atmel/avrgcc/3.4.1.95/avrtoolchain/bin/../lib/gcc/avr/4.6.2/../../../../avr/lib/avr5/crtm32.o
 .bss           0x00800084        0x0 APP/App.o
 .bss           0x00800084        0x0 APP/Indications.o
 .bss           0x00800084        0x0 main.o
 .bss           0x00800084        0x0 ECUAL/Button/Button.o
 .bss           0x00800084        0x0 ECUAL/Button/Button_cfg.o
 .bss           0x00800084        0x4 ECUAL/DC_Motor/DC_Motor.o
 .bss           0x00800088        0x0 ECUAL/DC_Motor/DC_Motor_cfg.o
 .bss           0x00800088        0x0 MCAL/DIO/DIO.o
 .bss           0x00800088        0x0 MCAL/PWM/PWM.o
 .bss           0x00800088        0x4 MCAL/TIMER/timer.o
 .bss           0x0080008c        0x0 c:/program files (x86)/atmel/atmel studio 6.0/extensions/atmel/avrgcc/3.4.1.95/avrtoolchain/bin/../lib/gcc/avr/4.6.2/avr5\libgcc.a(_exit.o)
 .bss           0x0080008c        0x0 c:/program files (x86)/atmel/atmel studio 6.0/extensions/atmel/avrgcc/3.4.1.95/avrtoolchain/bin/../lib/gcc/avr/4.6.2/avr5\libgcc.a(_copy_data.o)
 .bss           0x0080008c        0x0 c:/program files (x86)/atmel/atmel studio 6.0/extensions/atmel/avrgcc/3.4.1.95/avrtoolchain/bin/../lib/gcc/avr/4.6.2/avr5\libgcc.a(_clear_bss.o)
 *(.bss*)
 *(COMMON)
                0x0080008c                PROVIDE (__bss_end, .)
                0x00000e42                __data_load_start = LOADADDR (.data)
                0x00000e66                __data_load_end = (__data_load_start + SIZEOF (.data))

.noinit         0x0080008c        0x0
                0x0080008c                PROVIDE (__noinit_start, .)
 *(.noinit*)
                0x0080008c                PROVIDE (__noinit_end, .)
                0x0080008c                _end = .
                0x0080008c                PROVIDE (__heap_start, .)

.eeprom         0x00810000        0x0
 *(.eeprom*)
                0x00810000                __eeprom_end = .

.fuse
 *(.fuse)
 *(.lfuse)
 *(.hfuse)
 *(.efuse)

.lock
 *(.lock*)

.signature
 *(.signature*)

.stab           0x00000000      0x6cc
 *(.stab)
 .stab          0x00000000      0x6cc c:/program files (x86)/atmel/atmel studio 6.0/extensions/atmel/avrgcc/3.4.1.95/avrtoolchain/bin/../lib/gcc/avr/4.6.2/../../../../avr/lib/avr5/crtm32.o

.stabstr        0x00000000       0x85
 *(.stabstr)
 .stabstr       0x00000000       0x85 c:/program files (x86)/atmel/atmel studio 6.0/extensions/atmel/avrgcc/3.4.1.95/avrtoolchain/bin/../lib/gcc/avr/4.6.2/../../../../avr/lib/avr5/crtm32.o

.stab.excl
 *(.stab.excl)

.stab.exclstr
 *(.stab.exclstr)

.stab.index
 *(.stab.index)

.stab.indexstr
 *(.stab.indexstr)

.comment
 *(.comment)

.debug
 *(.debug)

.line
 *(.line)

.debug_srcinfo
 *(.debug_srcinfo)

.debug_sfnames
 *(.debug_sfnames)

.debug_aranges  0x00000000      0x160
 *(.debug_aranges)
 .debug_aranges
                0x00000000       0x20 APP/App.o
 .debug_aranges
                0x00000020       0x20 APP/Indications.o
 .debug_aranges
                0x00000040       0x20 main.o
 .debug_aranges
                0x00000060       0x20 ECUAL/Button/Button.o
 .debug_aranges
                0x00000080       0x20 ECUAL/DC_Motor/DC_Motor.o
 .debug_aranges
                0x000000a0       0x20 MCAL/DIO/DIO.o
 .debug_aranges
                0x000000c0       0x20 MCAL/PWM/PWM.o
 .debug_aranges
                0x000000e0       0x20 MCAL/TIMER/timer.o
 .debug_aranges
                0x00000100       0x20 c:/program files (x86)/atmel/atmel studio 6.0/extensions/atmel/avrgcc/3.4.1.95/avrtoolchain/bin/../lib/gcc/avr/4.6.2/avr5\libgcc.a(_exit.o)
 .debug_aranges
                0x00000120       0x20 c:/program files (x86)/atmel/atmel studio 6.0/extensions/atmel/avrgcc/3.4.1.95/avrtoolchain/bin/../lib/gcc/avr/4.6.2/avr5\libgcc.a(_copy_data.o)
 .debug_aranges
                0x00000140       0x20 c:/program files (x86)/atmel/atmel studio 6.0/extensions/atmel/avrgcc/3.4.1.95/avrtoolchain/bin/../lib/gcc/avr/4.6.2/avr5\libgcc.a(_clear_bss.o)

.debug_pubnames
 *(.debug_pubnames)

.debug_info     0x00000000     0x1811
 *(.debug_info)
 .debug_info    0x00000000      0x294 APP/App.o
 .debug_info    0x00000294       0xcf APP/Indications.o
 .debug_info    0x00000363      0x11b main.o
 .debug_info    0x0000047e      0x1ba ECUAL/Button/Button.o
 .debug_info    0x00000638       0xe2 ECUAL/Button/Button_cfg.o
 .debug_info    0x0000071a      0x34f ECUAL/DC_Motor/DC_Motor.o
 .debug_info    0x00000a69      0x124 ECUAL/DC_Motor/DC_Motor_cfg.o
 .debug_info    0x00000b8d      0x326 MCAL/DIO/DIO.o
 .debug_info    0x00000eb3      0x251 MCAL/PWM/PWM.o
 .debug_info    0x00001104      0x476 MCAL/TIMER/timer.o
 .debug_info    0x0000157a       0xdd c:/program files (x86)/atmel/atmel studio 6.0/extensions/atmel/avrgcc/3.4.1.95/avrtoolchain/bin/../lib/gcc/avr/4.6.2/avr5\libgcc.a(_exit.o)
 .debug_info    0x00001657       0xdd c:/program files (x86)/atmel/atmel studio 6.0/extensions/atmel/avrgcc/3.4.1.95/avrtoolchain/bin/../lib/gcc/avr/4.6.2/avr5\libgcc.a(_copy_data.o)
 .debug_info    0x00001734       0xdd c:/program files (x86)/atmel/atmel studio 6.0/extensions/atmel/avrgcc/3.4.1.95/avrtoolchain/bin/../lib/gcc/avr/4.6.2/avr5\libgcc.a(_clear_bss.o)
 *(.gnu.linkonce.wi.*)

.debug_abbrev   0x00000000      0x935
 *(.debug_abbrev)
 .debug_abbrev  0x00000000      0x10f APP/App.o
 .debug_abbrev  0x0000010f       0x86 APP/Indications.o
 .debug_abbrev  0x00000195       0xcb main.o
 .debug_abbrev  0x00000260       0xf9 ECUAL/Button/Button.o
 .debug_abbrev  0x00000359       0x93 ECUAL/Button/Button_cfg.o
 .debug_abbrev  0x000003ec      0x10f ECUAL/DC_Motor/DC_Motor.o
 .debug_abbrev  0x000004fb       0x8c ECUAL/DC_Motor/DC_Motor_cfg.o
 .debug_abbrev  0x00000587       0xea MCAL/DIO/DIO.o
 .debug_abbrev  0x00000671      0x15f MCAL/PWM/PWM.o
 .debug_abbrev  0x000007d0      0x129 MCAL/TIMER/timer.o
 .debug_abbrev  0x000008f9       0x14 c:/program files (x86)/atmel/atmel studio 6.0/extensions/atmel/avrgcc/3.4.1.95/avrtoolchain/bin/../lib/gcc/avr/4.6.2/avr5\libgcc.a(_exit.o)
 .debug_abbrev  0x0000090d       0x14 c:/program files (x86)/atmel/atmel studio 6.0/extensions/atmel/avrgcc/3.4.1.95/avrtoolchain/bin/../lib/gcc/avr/4.6.2/avr5\libgcc.a(_copy_data.o)
 .debug_abbrev  0x00000921       0x14 c:/program files (x86)/atmel/atmel studio 6.0/extensions/atmel/avrgcc/3.4.1.95/avrtoolchain/bin/../lib/gcc/avr/4.6.2/avr5\libgcc.a(_clear_bss.o)

.debug_line     0x00000000      0xebb
 *(.debug_line)
 .debug_line    0x00000000      0x1a8 APP/App.o
 .debug_line    0x000001a8       0xf9 APP/Indications.o
 .debug_line    0x000002a1      0x17c main.o
 .debug_line    0x0000041d      0x117 ECUAL/Button/Button.o
 .debug_line    0x00000534       0xe3 ECUAL/Button/Button_cfg.o
 .debug_line    0x00000617      0x16b ECUAL/DC_Motor/DC_Motor.o
 .debug_line    0x00000782       0xfe ECUAL/DC_Motor/DC_Motor_cfg.o
 .debug_line    0x00000880      0x259 MCAL/DIO/DIO.o
 .debug_line    0x00000ad9      0x112 MCAL/PWM/PWM.o
 .debug_line    0x00000beb      0x129 MCAL/TIMER/timer.o
 .debug_line    0x00000d14       0x88 c:/program files (x86)/atmel/atmel studio 6.0/extensions/atmel/avrgcc/3.4.1.95/avrtoolchain/bin/../lib/gcc/avr/4.6.2/avr5\libgcc.a(_exit.o)
 .debug_line    0x00000d9c       0x91 c:/program files (x86)/atmel/atmel studio 6.0/extensions/atmel/avrgcc/3.4.1.95/avrtoolchain/bin/../lib/gcc/avr/4.6.2/avr5\libgcc.a(_copy_data.o)
 .debug_line    0x00000e2d       0x8e c:/program files (x86)/atmel/atmel studio 6.0/extensions/atmel/avrgcc/3.4.1.95/avrtoolchain/bin/../lib/gcc/avr/4.6.2/avr5\libgcc.a(_clear_bss.o)

.debug_frame    0x00000000      0x450
 *(.debug_frame)
 .debug_frame   0x00000000       0x50 APP/App.o
 .debug_frame   0x00000050       0x34 APP/Indications.o
 .debug_frame   0x00000084       0x24 main.o
 .debug_frame   0x000000a8       0x48 ECUAL/Button/Button.o
 .debug_frame   0x000000f0       0xac ECUAL/DC_Motor/DC_Motor.o
 .debug_frame   0x0000019c       0x94 MCAL/DIO/DIO.o
 .debug_frame   0x00000230       0x7c MCAL/PWM/PWM.o
 .debug_frame   0x000002ac      0x1a4 MCAL/TIMER/timer.o

.debug_str      0x00000000      0x8f8
 *(.debug_str)
 .debug_str     0x00000000      0x25c APP/App.o
                                0x296 (size before relaxing)
 .debug_str     0x0000025c       0x35 APP/Indications.o
                                0x114 (size before relaxing)
 .debug_str     0x00000291       0x6d main.o
                                0x130 (size before relaxing)
 .debug_str     0x000002fe       0xb0 ECUAL/Button/Button.o
                                0x1d7 (size before relaxing)
 .debug_str     0x000003ae       0x1d ECUAL/Button/Button_cfg.o
                                0x136 (size before relaxing)
 .debug_str     0x000003cb      0x199 ECUAL/DC_Motor/DC_Motor.o
                                0x2bf (size before relaxing)
 .debug_str     0x00000564       0x21 ECUAL/DC_Motor/DC_Motor_cfg.o
                                0x156 (size before relaxing)
 .debug_str     0x00000585      0x133 MCAL/DIO/DIO.o
                                0x223 (size before relaxing)
 .debug_str     0x000006b8       0xb5 MCAL/PWM/PWM.o
                                0x1a0 (size before relaxing)
 .debug_str     0x0000076d      0x18b MCAL/TIMER/timer.o
                                0x27d (size before relaxing)

.debug_loc      0x00000000      0xee0
 *(.debug_loc)
 .debug_loc     0x00000000       0x62 APP/App.o
 .debug_loc     0x00000062       0x13 APP/Indications.o
 .debug_loc     0x00000075       0xdd ECUAL/Button/Button.o
 .debug_loc     0x00000152      0x2ef ECUAL/DC_Motor/DC_Motor.o
 .debug_loc     0x00000441      0x62a MCAL/DIO/DIO.o
 .debug_loc     0x00000a6b       0xd3 MCAL/PWM/PWM.o
 .debug_loc     0x00000b3e      0x3a2 MCAL/TIMER/timer.o

.debug_macinfo
 *(.debug_macinfo)
OUTPUT(Car_Project.elf elf32-avr)
LOAD linker stubs
